// Jest Snapshot v1, https://goo.gl/fbAQLP

exports[`SubscribeButton Component matches the snapshot 1`] = `
<DocumentFragment>
  <div
    class="MuiBox-root css-3fw551"
  >
    <button
      class="MuiButtonBase-root MuiButton-root MuiButton-contained MuiButton-containedPrimary MuiButton-sizeMedium MuiButton-containedSizeMedium MuiButton-colorPrimary MuiButton-root MuiButton-contained MuiButton-containedPrimary MuiButton-sizeMedium MuiButton-containedSizeMedium MuiButton-colorPrimary css-1ygm10f-MuiButtonBase-root-MuiButton-root"
      tabindex="0"
      type="button"
    >
      Подписаться
    </button>
  </div>
</DocumentFragment>
`;

exports[`Компонент SubscribeButton соответствует сохранённому снимку 1`] = `
<DocumentFragment>
  <div
    class="MuiBox-root css-3fw551"
  >
    <button
      class="MuiButtonBase-root MuiButton-root MuiButton-contained MuiButton-containedPrimary MuiButton-sizeMedium MuiButton-containedSizeMedium MuiButton-colorPrimary MuiButton-root MuiButton-contained MuiButton-containedPrimary MuiButton-sizeMedium MuiButton-containedSizeMedium MuiButton-colorPrimary css-1ygm10f-MuiButtonBase-root-MuiButton-root"
      tabindex="0"
      type="button"
    >
      Подписаться
    </button>
  </div>
</DocumentFragment>
`;
